#-----------------------------------------------------------
# Vivado v2018.3 (64-bit)
# SW Build 2405991 on Thu Dec  6 23:38:27 MST 2018
# IP Build 2404404 on Fri Dec  7 01:43:56 MST 2018
# Start of session at: Mon May 29 18:46:59 2023
# Process ID: 2004
# Current directory: C:/Users/olafu/Desktop/SDUP/PROJEKT/Dijkstra
# Command line: vivado.exe -gui_launcher_event rodinguilauncherevent1704 C:\Users\olafu\Desktop\SDUP\PROJEKT\Dijkstra\Dijkstra.xpr
# Log file: C:/Users/olafu/Desktop/SDUP/PROJEKT/Dijkstra/vivado.log
# Journal file: C:/Users/olafu/Desktop/SDUP/PROJEKT/Dijkstra\vivado.jou
#-----------------------------------------------------------
start_gui
open_project C:/Users/olafu/Desktop/SDUP/PROJEKT/Dijkstra/Dijkstra.xpr
file mkdir C:/Users/olafu/Desktop/SDUP/PROJEKT/Dijkstra/Dijkstra.srcs/sim_1/new
set_property SOURCE_SET sources_1 [get_filesets sim_1]
close [ open C:/Users/olafu/Desktop/SDUP/PROJEKT/Dijkstra/Dijkstra.srcs/sim_1/new/dijkstra_behav.sv w ]
add_files -fileset sim_1 C:/Users/olafu/Desktop/SDUP/PROJEKT/Dijkstra/Dijkstra.srcs/sim_1/new/dijkstra_behav.sv
set_property file_type Verilog [get_files  C:/Users/olafu/Desktop/SDUP/PROJEKT/Dijkstra/Dijkstra.srcs/sim_1/new/dijkstra_behav.sv]
