#-----------------------------------------------------------
# Vivado v2018.3 (64-bit)
# SW Build 2405991 on Thu Dec  6 23:38:27 MST 2018
# IP Build 2404404 on Fri Dec  7 01:43:56 MST 2018
# Start of session at: Thu Jun 22 17:29:36 2023
# Process ID: 4412
# Current directory: C:/Users/olafu/Desktop/SDUP/PROJEKT/SDUP_Dijkstra/Dijkstra
# Command line: vivado.exe -gui_launcher_event rodinguilauncherevent11788 C:\Users\olafu\Desktop\SDUP\PROJEKT\SDUP_Dijkstra\Dijkstra\Dijkstra.xpr
# Log file: C:/Users/olafu/Desktop/SDUP/PROJEKT/SDUP_Dijkstra/Dijkstra/vivado.log
# Journal file: C:/Users/olafu/Desktop/SDUP/PROJEKT/SDUP_Dijkstra/Dijkstra\vivado.jou
#-----------------------------------------------------------
start_gui
open_project C:/Users/olafu/Desktop/SDUP/PROJEKT/SDUP_Dijkstra/Dijkstra/Dijkstra.xpr
update_compile_order -fileset sources_1
launch_simulation
launch_simulation
launch_simulation
launch_simulation
source dijkstra_tb.tcl
add_bp {C:/Users/olafu/Desktop/SDUP/PROJEKT/SDUP_Dijkstra/Dijkstra/Dijkstra.srcs/sources_1/new/dijkstra_behav.sv} 33
remove_bps -file {C:/Users/olafu/Desktop/SDUP/PROJEKT/SDUP_Dijkstra/Dijkstra/Dijkstra.srcs/sources_1/new/dijkstra_behav.sv} -line 33
run all
close_sim
launch_simulation
source dijkstra_tb.tcl
close_sim
launch_simulation
source dijkstra_tb.tcl
close_sim
launch_simulation
source dijkstra_tb.tcl
close_sim
launch_simulation
source dijkstra_tb.tcl
close_sim
launch_simulation
source dijkstra_tb.tcl
close_sim
launch_simulation
source dijkstra_tb.tcl
close_sim
launch_simulation
source dijkstra_tb.tcl
close_sim
launch_simulation
source dijkstra_tb.tcl
close_sim
launch_simulation
source dijkstra_tb.tcl
close_sim
launch_simulation
source dijkstra_tb.tcl
close_sim
launch_simulation
source dijkstra_tb.tcl
close_sim
launch_simulation
source dijkstra_tb.tcl
close_sim
launch_simulation
source dijkstra_tb.tcl
close_sim
launch_simulation
source dijkstra_tb.tcl
close_sim
launch_simulation
source dijkstra_tb.tcl
close_sim
launch_simulation
launch_simulation
source dijkstra_tb.tcl
close_sim
launch_simulation
source dijkstra_tb.tcl
close_sim
launch_simulation
source dijkstra_tb.tcl
close_sim
launch_simulation
source dijkstra_tb.tcl
close_sim
launch_simulation
source dijkstra_tb.tcl
close_sim
launch_simulation
source dijkstra_tb.tcl
close_sim
launch_simulation
source dijkstra_tb.tcl
close_sim
launch_simulation
source dijkstra_tb.tcl
close_sim
launch_simulation
source dijkstra_tb.tcl
close_sim
launch_simulation
source dijkstra_tb.tcl
close_sim
launch_simulation
source dijkstra_tb.tcl
close_sim
launch_simulation
source dijkstra_tb.tcl
close_sim
launch_simulation
source dijkstra_tb.tcl
close_sim
